Zadejte cislo pro vypocet faktorialu

Chyba pri nacitani celeho cisla!
