Zadejte cislo pro vypocet faktorialu: 

Faktorial nelze spocitat
