2 -2 3.5 100
Soucet nahore uvedenych cisel: 105.5
Zadejte cislo kterym chcete umocnit soucet: 

Vysledek je: 11130.25