TOK_PROLOGUE
TOK_EMPTY
TOK_FUNCTION: declare
TOK_LEFT_PAREN
TOK_FUNCTION: strict_types
TOK_ASSIGN
TOK_INT_LIT: 1
TOK_RIGHT_PAREN
TOK_SEMICOLON
TOK_END_PROLOGUE
TOK_EOF
