TOK_INT_LIT: 1
TOK_INT_LIT: 18900
TOK_INT_LIT: 1
TOK_DEC_LIT: 28.100000
TOK_EMPTY
TOK_DEC_LIT: 42.069000
TOK_EMPTY
TOK_DEC_LIT: 1000.000000
TOK_EMPTY
TOK_DEC_LIT: 1.000000
TOK_EMPTY
RETURNED ERR_LEX_ANALYSIS
