TOK_EMPTY
TOK_EMPTY
TOK_EMPTY
TOK_STAR
TOK_SLASH
TOK_EMPTY
TOK_EOF
