TOK_LESS
TOK_GREATER
TOK_PLUS
TOK_MINUS
TOK_STAR
TOK_DOT
TOK_ASSIGN
TOK_LESS_EQUAL
TOK_GREATER_EQUAL
TOK_NEG_COMPARISON
TOK_COMPARISON
TOK_LESS_EQUAL
TOK_ASSIGN
TOK_GREATER
TOK_EOF
