TOK_VARIABLE: $return
TOK_ASSIGN
TOK_DEC_LIT: 81000000000.000000
TOK_VARIABLE: $test_
TOK_ASSIGN
TOK_INT_LIT: 19
TOK_VARIABLE: $_test
TOK_ASSIGN
KW_INT
TOK_EMPTY
TOK_EOF
