TOK_TYPE_ID: KW_INT
TOK_TYPE_ID: KW_FLOAT
TOK_TYPE_ID: W_STRING
RETURNED ERR_LEX_ANALYSIS
