TOK_STRING_LIT: ""
TOK_STRING_LIT: ""
TOK_STRING_LIT: xasd 	
xasd"$\xasd"
TOK_STRING_LIT: xXx8==DxXx
TOK_STRING_LIT: ~
TOK_STRING_LIT: { > ~
TOK_STRING_LIT: \a \r \0 \8 \e
TOK_STRING_LIT: \x \xT \x1 \x5P \xT2 \x05 \xA2
TOK_STRING_LIT: \377 \37 \177
TOK_STRING_LIT: \\\999$
RETURNED ERR_LEX_ANALYSIS
